Microchip MPLAB XC8 Compiler V2.10 ()

Linker command line:

--edf=C:\Program Files (x86)\Microchip\xc8\v2.10\pic\dat\en_msgs.txt -cs \
  -h+dist/Mini_board_config/debug\Laboratoire4_VD.X.debug.sym \
  --cmf=dist/Mini_board_config/debug\Laboratoire4_VD.X.debug.cmf -z \
  -Q18F45K20 -oC:\Users\Vincent\AppData\Local\Temp\sge4.2 \
  --defsym=__MPLAB_BUILD=1 \
  -Mdist/Mini_board_config/debug/Laboratoire4_VD.X.debug.map -E1 -ver=XC8 \
  -ASTACK=0F4h-05EEh -pstack=STACK -ACODE=00h-07D3Fh -ACONST=00h-07D3Fh \
  -ASMALLCONST=0600h-06FFhx119,07D00h-07D3Fh -AMEDIUMCONST=0600h-07D3Fh \
  -ACOMRAM=01h-05Fh -AABS1=00h-05EEh -ABIGRAM=01h-05EEh \
  -ARAM=060h-0FFh,0100h-01FFhx4,0500h-05EEh -ABANK0=060h-0FFh \
  -ABANK1=0100h-01FFh -ABANK2=0200h-02FFh -ABANK3=0300h-03FFh \
  -ABANK4=0400h-04FFh -ABANK5=0500h-05EEh \
  -ASFR=0F60h-0F9Bh,0F9Dh-0FD3h,0FD5h-0FDAh,0FE0h-0FE2h,0FE8h-0FEAh,0FF0h-0FFBh \
  -preset_vec=00h,intcode=08h,intcodelo,powerup,init -pramtop=0600h \
  -psmallconst=SMALLCONST -pmediumconst=MEDIUMCONST -pconst=CONST \
  -AFARRAM=00h-00h -ACONFIG=0300000h-030000Dh -pconfig=CONFIG \
  -AIDLOC=0200000h-0200007h -pidloc=IDLOC -AEEDATA=0F00000h-0F000FFh \
  -peeprom_data=EEDATA \
  -prdata=COMRAM,nvrram=COMRAM,nvbit=COMRAM,rbss=COMRAM,rbit=COMRAM \
  -pfarbss=FARRAM,fardata=FARRAM,nvFARRAM=FARRAM \
  -pintsave_regs=BIGRAM,bigbss=BIGRAM,bigdata=BIGRAM -pbss=RAM \
  -pidata=CODE,irdata=CODE,ibigdata=CODE,ifardata=CODE -prparam=COMRAM \
  C:\Users\Vincent\AppData\Local\Temp\sge4.o \
  dist/Mini_board_config/debug\Laboratoire4_VD.X.debug.o 

Object code version is 3.11

Machine type is 18F45K20

Call graph: (short form)




                Name                               Link     Load   Length Selector   Space Scale
C:\Users\Vincent\AppData\Local\Temp\sge4.o
                init                                 2A       2A        4        4       0
                reset_vec                             0        0        4        0       0
                idloc                            200000   200000        8   200000       0
                config                           300000   300000        E   300000       0
dist/Mini_board_config/debug\Laboratoire4_VD.X.debug.o
                intcode                               8        8       22        4       0
                temp                                 50       50        1        1       1
                text23                              8D0      8D0        6        4       0
                text22                              796      796       38        4       0
                text21                              89E      89E       14        4       0
                text20                              8C8      8C8        8        4       0
                text19                              4D4      4D4       62        4       0
                text18                              40A      40A       66        4       0
                text17                              804      804       2E        4       0
                text16                              694      694       4C        4       0
                text15                              75C      75C       3A        4       0
                text14                              7CE      7CE       36        4       0
                text13                              880      880       1E        4       0
                text12                              8B2      8B2        E        4       0
                text11                              5EE      5EE       54        4       0
                text10                              8C0      8C0        8        4       0
                text9                               536      536       5E        4       0
                text8                               470      470       64        4       0
                text7                               832      832       28        4       0
                text6                               25C      25C       B0        4       0
                text5                               85A      85A       26        4       0
                text4                               3A0      3A0       6A        4       0
                text3                               642      642       52        4       0
                text2                               722      722       3A        4       0
                text1                                2E       2E      22E        4       0
                text0                               6E0      6E0       42        4       0
                cstackCOMRAM                          1        1       36        1       1
                dataBANK0                            60       60       94       60       1
                dataCOMRAM                           4C       4C        4        1       1
                bssCOMRAM                            37       37       15        1       1
                cinit                               594      594       5A        4       0
                idataBANK0                          30C      30C       94        4       0
                idataCOMRAM                         8D6      8D6        4        4       0

TOTAL           Name                               Link     Load   Length     Space
        CLASS   STACK          

        CLASS   CODE           
                intcode                               8        8       22         0
                init                                 2A       2A        4         0
                reset_vec                             0        0        4         0
                text23                              8D0      8D0        6         0
                text22                              796      796       38         0
                text21                              89E      89E       14         0
                text20                              8C8      8C8        8         0
                text19                              4D4      4D4       62         0
                text18                              40A      40A       66         0
                text17                              804      804       2E         0
                text16                              694      694       4C         0
                text15                              75C      75C       3A         0
                text14                              7CE      7CE       36         0
                text13                              880      880       1E         0
                text12                              8B2      8B2        E         0
                text11                              5EE      5EE       54         0
                text10                              8C0      8C0        8         0
                text9                               536      536       5E         0
                text8                               470      470       64         0
                text7                               832      832       28         0
                text6                               25C      25C       B0         0
                text5                               85A      85A       26         0
                text4                               3A0      3A0       6A         0
                text3                               642      642       52         0
                text2                               722      722       3A         0
                text1                                2E       2E      22E         0
                text0                               6E0      6E0       42         0
                cinit                               594      594       5A         0
                idataBANK0                          30C      30C       94         0
                idataCOMRAM                         8D6      8D6        4         0

        CLASS   CONST          

        CLASS   SMALLCONST     

        CLASS   MEDIUMCONST    

        CLASS   COMRAM         
                temp                                 50       50        1         1
                cstackCOMRAM                          1        1       36         1
                dataCOMRAM                           4C       4C        4         1
                bssCOMRAM                            37       37       15         1

        CLASS   ABS1           

        CLASS   BIGRAM         

        CLASS   RAM            

        CLASS   BANK0          
                dataBANK0                            60       60       94         1

        CLASS   BANK1          

        CLASS   BANK2          

        CLASS   BANK3          

        CLASS   BANK4          

        CLASS   BANK5          

        CLASS   SFR            

        CLASS   FARRAM         

        CLASS   CONFIG         
                config                           300000   300000        E         0

        CLASS   IDLOC          
                idloc                            200000   200000        8         0

        CLASS   EEDATA         



SEGMENTS        Name                           Load    Length   Top    Selector   Space  Class

                reset_vec                      000000  000004  000004         0       0  CODE    
                cstackCOMRAM                   000001  000050  000051         1       1  COMRAM  
                intcode                        000008  0008D2  0008DA         4       0  CODE    
                dataBANK0                      000060  000094  0000F4        60       1  BANK0   
                idloc                          200000  000008  200008    200000       0  IDLOC   
                config                         300000  00000E  30000E    300000       0  CONFIG  


UNUSED ADDRESS RANGES

        Name                Unused          Largest block    Delta
        BANK0            0000F4-0000FF                C
        BANK1            000100-0001FF              100
        BANK2            000200-0002FF              100
        BANK3            000300-0003FF              100
        BANK4            000400-0004FF              100
        BANK5            000500-0005EE               EF
        BIGRAM           000051-00005F                F
                         0000F4-0005EE              4FB
        CODE             000004-000007                4
                         0008DA-007D3F             7466
        COMRAM           000051-00005F                F
        CONST            000004-000007                4
                         0008DA-007D3F             7466
        EEDATA           F00000-F000FF              100
        MEDIUMCONST      0008DA-007D3F             7466
        RAM              0000F4-0005EE              100
        SFR              000F60-000F9B               3C
                         000F9D-000FD3               37
                         000FD5-000FDA                6
                         000FE0-000FE2                3
                         000FE8-000FEA                3
                         000FF0-000FFB                C
        SMALLCONST       0008DA-007D3F              100
        STACK            0000F4-0005EE              4FB

                                  Symbol Table

?___awmod                     cstackCOMRAM 00000F
?___lmul                      cstackCOMRAM 000001
?___wmul                      cstackCOMRAM 000001
?_rand                        cstackCOMRAM 00000D
_ADCON0bits                   (abs)        000FC2
_ADCON1                       (abs)        000FC1
_ADCON2bits                   (abs)        000FC0
_ADRESH                       (abs)        000FC4
_ANSEL                        (abs)        000F7E
_ANSELH                       (abs)        000F7F
_ANSELbits                    (abs)        000F7E
_BAUDCONbits                  (abs)        000FB8
_INTCONbits                   (abs)        000FF2
_PORTAbits                    (abs)        000F80
_PORTD                        (abs)        000F83
_RCIF                         (abs)        007CF5
_RCREG                        (abs)        000FAE
_RCSTAbits                    (abs)        000FAB
_SPBRG                        (abs)        000FAF
_SPBRGH                       (abs)        000FB0
_T0CONbits                    (abs)        000FD5
_T1CONbits                    (abs)        000FCD
_TMR0                         (abs)        000FD6
_TMR1                         (abs)        000FCE
_TRISA                        (abs)        000F92
_TRISB                        (abs)        000F93
_TRISCbits                    (abs)        000F94
_TRISD                        (abs)        000F95
_TXREG                        (abs)        000FAD
_TXSTAbits                    (abs)        000FAC
__CFG_BOREN$SBORDIS           (abs)        000000
__CFG_BORV$18                 (abs)        000000
__CFG_CCP2MX$PORTC            (abs)        000000
__CFG_CP0$OFF                 (abs)        000000
__CFG_CP1$OFF                 (abs)        000000
__CFG_CP2$OFF                 (abs)        000000
__CFG_CP3$OFF                 (abs)        000000
__CFG_CPB$OFF                 (abs)        000000
__CFG_CPD$OFF                 (abs)        000000
__CFG_EBTR0$OFF               (abs)        000000
__CFG_EBTR1$OFF               (abs)        000000
__CFG_EBTR2$OFF               (abs)        000000
__CFG_EBTR3$OFF               (abs)        000000
__CFG_EBTRB$OFF               (abs)        000000
__CFG_FCMEN$OFF               (abs)        000000
__CFG_FOSC$INTIO67            (abs)        000000
__CFG_HFOFST$ON               (abs)        000000
__CFG_IESO$OFF                (abs)        000000
__CFG_LPT1OSC$OFF             (abs)        000000
__CFG_LVP$OFF                 (abs)        000000
__CFG_MCLRE$ON                (abs)        000000
__CFG_PBADEN$ON               (abs)        000000
__CFG_PWRT$OFF                (abs)        000000
__CFG_STVREN$ON               (abs)        000000
__CFG_WDTEN$OFF               (abs)        000000
__CFG_WDTPS$32768             (abs)        000000
__CFG_WRT0$OFF                (abs)        000000
__CFG_WRT1$OFF                (abs)        000000
__CFG_WRT2$OFF                (abs)        000000
__CFG_WRT3$OFF                (abs)        000000
__CFG_WRTB$OFF                (abs)        000000
__CFG_WRTC$OFF                (abs)        000000
__CFG_WRTD$OFF                (abs)        000000
__CFG_XINST$OFF               (abs)        000000
__HRAM                        (abs)        000000
__Habs1                       abs1         000000
__Hbank0                      bank0        000000
__Hbank1                      bank1        000000
__Hbank2                      bank2        000000
__Hbank3                      bank3        000000
__Hbank4                      bank4        000000
__Hbank5                      bank5        000000
__Hbigbss                     bigbss       000000
__Hbigdata                    bigdata      000000
__Hbigram                     bigram       000000
__Hbss                        bss          000000
__HbssCOMRAM                  bssCOMRAM    000000
__Hcinit                      cinit        000000
__Hclrtext                    clrtext      000000
__Hcomram                     comram       000000
__Hconfig                     config       30000E
__Hconst                      const        000000
__HcstackCOMRAM               cstackCOMRAM 000000
__Hdata                       data         000000
__HdataBANK0                  dataBANK0    000000
__HdataCOMRAM                 dataCOMRAM   000000
__Heeprom_data                eeprom_data  000000
__Hfarbss                     farbss       000000
__Hfardata                    fardata      000000
__Hibigdata                   ibigdata     000000
__Hidata                      idata        000000
__HidataBANK0                 idataBANK0   000000
__HidataCOMRAM                idataCOMRAM  000000
__Hidloc                      idloc        200008
__Hifardata                   ifardata     000000
__Hinit                       init         00002E
__Hintcode                    intcode      00002A
__Hintcode_body               intcode_body 000000
__Hintcodelo                  intcodelo    00002A
__Hintentry                   intentry     000000
__Hintret                     intret       000000
__Hintsave_regs               intsave_regs 000000
__Hirdata                     irdata       000000
__Hmediumconst                mediumconst  000000
__HnvFARRAM                   nvFARRAM     000000
__Hnvbit                      nvbit        000000
__Hnvrram                     nvrram       000000
__Hparam                      rparam       000000
__Hpowerup                    powerup      00002A
__Hram                        ram          000000
__Hramtop                     ramtop       000600
__Hrbit                       rbit         000000
__Hrbss                       rbss         000000
__Hrdata                      rdata        000000
__Hreset_vec                  reset_vec    000004
__Hrparam                     rparam       000000
__Hsfr                        sfr          000000
__Hsmallconst                 smallconst   000000
__Hspace_0                    (abs)        30000E
__Hspace_1                    (abs)        0000F4
__Hspace_2                    (abs)        000000
__Hstack                      stack        000000
__Hstruct                     struct       000000
__Htemp                       temp         000051
__Htext                       text         000000
__Htext0                      text0        000000
__Htext1                      text1        000000
__Htext10                     text10       000000
__Htext11                     text11       000000
__Htext12                     text12       000000
__Htext13                     text13       000000
__Htext14                     text14       000000
__Htext15                     text15       000000
__Htext16                     text16       000000
__Htext17                     text17       000000
__Htext18                     text18       000000
__Htext19                     text19       000000
__Htext2                      text2        000000
__Htext20                     text20       000000
__Htext21                     text21       000000
__Htext22                     text22       000000
__Htext23                     text23       000000
__Htext3                      text3        000000
__Htext4                      text4        000000
__Htext5                      text5        000000
__Htext6                      text6        000000
__Htext7                      text7        000000
__Htext8                      text8        000000
__Htext9                      text9        000000
__LRAM                        (abs)        000001
__Labs1                       abs1         000000
__Lbank0                      bank0        000000
__Lbank1                      bank1        000000
__Lbank2                      bank2        000000
__Lbank3                      bank3        000000
__Lbank4                      bank4        000000
__Lbank5                      bank5        000000
__Lbigbss                     bigbss       000000
__Lbigdata                    bigdata      000000
__Lbigram                     bigram       000000
__Lbss                        bss          000000
__LbssCOMRAM                  bssCOMRAM    000000
__Lcinit                      cinit        000000
__Lclrtext                    clrtext      000000
__Lcomram                     comram       000000
__Lconfig                     config       300000
__Lconst                      const        000000
__LcstackCOMRAM               cstackCOMRAM 000000
__Ldata                       data         000000
__LdataBANK0                  dataBANK0    000000
__LdataCOMRAM                 dataCOMRAM   000000
__Leeprom_data                eeprom_data  000000
__Lfarbss                     farbss       000000
__Lfardata                    fardata      000000
__Libigdata                   ibigdata     000000
__Lidata                      idata        000000
__LidataBANK0                 idataBANK0   000000
__LidataCOMRAM                idataCOMRAM  000000
__Lidloc                      idloc        200000
__Lifardata                   ifardata     000000
__Linit                       init         00002A
__Lintcode                    intcode      000008
__Lintcode_body               intcode_body 000000
__Lintcodelo                  intcodelo    00002A
__Lintentry                   intentry     000000
__Lintret                     intret       000000
__Lintsave_regs               intsave_regs 000000
__Lirdata                     irdata       000000
__Lmediumconst                mediumconst  000000
__LnvFARRAM                   nvFARRAM     000000
__Lnvbit                      nvbit        000000
__Lnvrram                     nvrram       000000
__Lparam                      rparam       000000
__Lpowerup                    powerup      00002A
__Lram                        ram          000000
__Lramtop                     ramtop       000600
__Lrbit                       rbit         000000
__Lrbss                       rbss         000000
__Lrdata                      rdata        000000
__Lreset_vec                  reset_vec    000000
__Lrparam                     rparam       000000
__Lsfr                        sfr          000000
__Lsmallconst                 smallconst   000000
__Lspace_0                    (abs)        000000
__Lspace_1                    (abs)        000000
__Lspace_2                    (abs)        000000
__Lstack                      stack        000000
__Lstruct                     struct       000000
__Ltemp                       temp         000050
__Ltext                       text         000000
__Ltext0                      text0        000000
__Ltext1                      text1        000000
__Ltext10                     text10       000000
__Ltext11                     text11       000000
__Ltext12                     text12       000000
__Ltext13                     text13       000000
__Ltext14                     text14       000000
__Ltext15                     text15       000000
__Ltext16                     text16       000000
__Ltext17                     text17       000000
__Ltext18                     text18       000000
__Ltext19                     text19       000000
__Ltext2                      text2        000000
__Ltext20                     text20       000000
__Ltext21                     text21       000000
__Ltext22                     text22       000000
__Ltext23                     text23       000000
__Ltext3                      text3        000000
__Ltext4                      text4        000000
__Ltext5                      text5        000000
__Ltext6                      text6        000000
__Ltext7                      text7        000000
__Ltext8                      text8        000000
__Ltext9                      text9        000000
__S0                          (abs)        30000E
__S1                          (abs)        0000F4
__S2                          (abs)        000000
___awmod                      text6        00025C
___awmod@counter              cstackCOMRAM 000013
___awmod@dividend             cstackCOMRAM 00000F
___awmod@divisor              cstackCOMRAM 000011
___awmod@sign                 cstackCOMRAM 000014
___inthi_sp                   stack        000000
___intlo_sp                   stack        000000
___lmul                       text4        0003A0
___lmul@multiplicand          cstackCOMRAM 000005
___lmul@multiplier            cstackCOMRAM 000001
___lmul@product               cstackCOMRAM 000009
___param_bank                 (abs)        000000
___rparam_used                (abs)        000001
___sp                         stack        000000
___wmul                       text5        00085A
___wmul@multiplicand          cstackCOMRAM 000003
___wmul@multiplier            cstackCOMRAM 000001
___wmul@product               cstackCOMRAM 000005
__accesstop                   (abs)        000060
__activetblptr                (abs)        000002
__end_of___awmod              text6        00030C
__end_of___lmul               text4        00040A
__end_of___wmul               text5        000880
__end_of__initialization      cinit        0005E0
__end_of_afficheAliens        text14       000804
__end_of_high_isr             intcode      00002A
__end_of_init_serie           text13       00089E
__end_of_initialisation       text11       000642
__end_of_lcd_busy             text22       0007CE
__end_of_lcd_curseurHome      text10       0008C8
__end_of_lcd_ecrireDonnees    text21       0008B2
__end_of_lcd_ecritChar        text16       0006E0
__end_of_lcd_gotoXY           text18       000470
__end_of_lcd_init             text7        00085A
__end_of_lcd_initCGRam        text9        000594
__end_of_lcd_lireDonnees      text23       0008D6
__end_of_lcd_putMessage       text15       000796
__end_of_lcd_resetSequence    text8        0004D4
__end_of_lcd_strobeEnableBit  text20       0008D0
__end_of_lcd_wrCom            text19       000536
__end_of_lcd_wrData           text17       000832
__end_of_main                 text0        000722
__end_of_nouveauxAliens       text1        00025C
__end_of_rand                 text3        000694
__end_of_srand                text12       0008C0
__end_of_strcpy               text2        00075C
__initialization              cinit        000594
__mediumconst                 mediumconst  000000
__pbssCOMRAM                  bssCOMRAM    000037
__pcinit                      cinit        000594
__pcstackCOMRAM               cstackCOMRAM 000001
__pdataBANK0                  dataBANK0    000060
__pdataCOMRAM                 dataCOMRAM   00004C
__pidataBANK0                 idataBANK0   00030C
__pidataCOMRAM                idataCOMRAM  0008D6
__pintcode                    intcode      000008
__ptext0                      text0        0006E0
__ptext1                      text1        00002E
__ptext10                     text10       0008C0
__ptext11                     text11       0005EE
__ptext12                     text12       0008B2
__ptext13                     text13       000880
__ptext14                     text14       0007CE
__ptext15                     text15       00075C
__ptext16                     text16       000694
__ptext17                     text17       000804
__ptext18                     text18       00040A
__ptext19                     text19       0004D4
__ptext2                      text2        000722
__ptext20                     text20       0008C8
__ptext21                     text21       00089E
__ptext22                     text22       000796
__ptext23                     text23       0008D0
__ptext3                      text3        000642
__ptext4                      text4        0003A0
__ptext5                      text5        00085A
__ptext6                      text6        00025C
__ptext7                      text7        000832
__ptext8                      text8        000470
__ptext9                      text9        000536
__ramtop                      ramtop       000600
__size_of___awmod             (abs)        000000
__size_of___lmul              (abs)        000000
__size_of___wmul              (abs)        000000
__size_of_afficheAliens       (abs)        000000
__size_of_high_isr            (abs)        000000
__size_of_init_serie          (abs)        000000
__size_of_initialisation      (abs)        000000
__size_of_lcd_busy            (abs)        000000
__size_of_lcd_curseurHome     (abs)        000000
__size_of_lcd_ecrireDonnees   (abs)        000000
__size_of_lcd_ecritChar       (abs)        000000
__size_of_lcd_gotoXY          (abs)        000000
__size_of_lcd_init            (abs)        000000
__size_of_lcd_initCGRam       (abs)        000000
__size_of_lcd_lireDonnees     (abs)        000000
__size_of_lcd_putMessage      (abs)        000000
__size_of_lcd_resetSequence   (abs)        000000
__size_of_lcd_strobeEnableBit (abs)        000000
__size_of_lcd_wrCom           (abs)        000000
__size_of_lcd_wrData          (abs)        000000
__size_of_main                (abs)        000000
__size_of_nouveauxAliens      (abs)        000000
__size_of_rand                (abs)        000000
__size_of_srand               (abs)        000000
__size_of_strcpy              (abs)        000000
__smallconst                  smallconst   000000
_afficheAliens                text14       0007CE
_high_isr                     intcode      000008
_init_serie                   text13       000880
_initialisation               text11       0005EE
_lcd_busy                     text22       000796
_lcd_curseurHome              text10       0008C0
_lcd_ecrireDonnees            text21       00089E
_lcd_ecritChar                text16       000694
_lcd_gotoXY                   text18       00040A
_lcd_init                     text7        000832
_lcd_initCGRam                text9        000536
_lcd_lireDonnees              text23       0008D0
_lcd_putMessage               text15       00075C
_lcd_resetSequence            text8        000470
_lcd_strobeEnableBit          text20       0008C8
_lcd_wrCom                    text19       0004D4
_lcd_wrData                   text17       000804
_m_aliens                     dataBANK0    0000A0
_m_tempsDAfficher             bssCOMRAM    00004B
_main                         text0        0006E0
_matCGRAM                     dataBANK0    000060
_nouveauxAliens               text1        00002E
_rand                         text3        000642
_randx                        dataCOMRAM   00004C
_srand                        text12       0008B2
_strcpy                       text2        000722
afficheAliens@i               cstackCOMRAM 000009
btemp                         temp         000050
end_of_initialization         cinit        0005E0
int$flags                     temp         000050
intlevel0                     text         000000
intlevel1                     text         000000
intlevel2                     text         000000
intlevel3                     text         000000
lcd_busy@adresse              cstackCOMRAM 000002
lcd_ecrireDonnees@donnee      cstackCOMRAM 000002
lcd_ecritChar@car             cstackCOMRAM 000004
lcd_ecritChar@posRam          cstackCOMRAM 000005
lcd_gotoXY@x                  cstackCOMRAM 000005
lcd_gotoXY@y                  cstackCOMRAM 000004
lcd_initCGRam@i               cstackCOMRAM 000006
lcd_initCGRam@j               cstackCOMRAM 000007
lcd_putMessage@chaine         cstackCOMRAM 000006
lcd_putMessage@j              cstackCOMRAM 000008
lcd_wrCom@commande            cstackCOMRAM 000003
lcd_wrData@caractere          cstackCOMRAM 000003
nouveauxAliens@counter        cstackCOMRAM 00002B
nouveauxAliens@i              cstackCOMRAM 000032
nouveauxAliens@j              cstackCOMRAM 000030
nouveauxAliens@k              cstackCOMRAM 00002C
nouveauxAliens@random         cstackCOMRAM 000034
nouveauxAliens@v              cstackCOMRAM 00002E
nouveauxAliens@verifie        cstackCOMRAM 000017
srand@x                       cstackCOMRAM 000001
stackhi                       (abs)        0005EE
stacklo                       (abs)        0000F4
start                         init         00002A
start_initialization          cinit        000594
strcpy@cp                     cstackCOMRAM 00000B
strcpy@from                   cstackCOMRAM 000009
strcpy@to                     cstackCOMRAM 000007
ttemp5                        temp         000051
ttemp6                        temp         000054
ttemp7                        temp         000058
wtemp8                        temp         000051


FUNCTION INFORMATION:

 *************** function _main *****************
 Defined at:
		line 76 in file "main.c"
 Parameters:    Size  Location     Type
		None
 Auto vars:     Size  Location     Type
		None
 Return value:  Size  Location     Type
                  1    wreg      void 
 Registers used:
		wreg, fsr1l, fsr1h, fsr2l, fsr2h, status,2, status,0, prodl, prodh, cstack
 Tracked objects:
		On entry : 
		On exit  : 
		Unchanged: 
 Data sizes:     COMRAM   BANK0   BANK1   BANK2   BANK3   BANK4   BANK5
      Params:         0       0       0       0       0       0       0
      Locals:         0       0       0       0       0       0       0
      Temps:          2       0       0       0       0       0       0
      Totals:         2       0       0       0       0       0       0
Total ram usage:        2 bytes
 Hardware stack levels required when called:    7
 This function calls:
		_afficheAliens
		_init_serie
		_initialisation
		_lcd_init
		_nouveauxAliens
 This function is called by:
		Startup code after reset
 This function uses a non-reentrant model


 *************** function _nouveauxAliens *****************
 Defined at:
		line 120 in file "main.c"
 Parameters:    Size  Location     Type
		None
 Auto vars:     Size  Location     Type
  j               2   47[COMRAM] int 
  k               2   43[COMRAM] int 
  v               2   45[COMRAM] int 
  i               2   49[COMRAM] int 
  verifie        20   22[COMRAM] unsigned char [20]
  random          1   51[COMRAM] unsigned char 
  counter         1   42[COMRAM] unsigned char 
 Return value:  Size  Location     Type
                  1    wreg      void 
 Registers used:
		wreg, fsr1l, fsr1h, fsr2l, fsr2h, status,2, status,0, prodl, prodh, cstack
 Tracked objects:
		On entry : 
		On exit  : 
		Unchanged: 
 Data sizes:     COMRAM   BANK0   BANK1   BANK2   BANK3   BANK4   BANK5
      Params:         0       0       0       0       0       0       0
      Locals:        30       0       0       0       0       0       0
      Temps:          2       0       0       0       0       0       0
      Totals:        32       0       0       0       0       0       0
Total ram usage:       32 bytes
 Hardware stack levels used:    1
 Hardware stack levels required when called:    3
 This function calls:
		___awmod
		___wmul
		_rand
		_strcpy
 This function is called by:
		_main
 This function uses a non-reentrant model


 *************** function _strcpy *****************
 Defined at:
		line 8 in file "C:\Program Files (x86)\Microchip\xc8\v2.10\pic\sources\c90\common\strcpy.c"
 Parameters:    Size  Location     Type
  to              2    6[COMRAM] PTR unsigned char 
		 -> m_aliens(84), 
  from            2    8[COMRAM] PTR const unsigned char 
		 -> m_aliens(84), 
 Auto vars:     Size  Location     Type
  cp              2   10[COMRAM] PTR unsigned char 
		 -> m_aliens(84), 
 Return value:  Size  Location     Type
                  2    6[COMRAM] PTR unsigned char 
 Registers used:
		wreg, fsr1l, fsr1h, fsr2l, fsr2h, status,2, status,0
 Tracked objects:
		On entry : 
		On exit  : 
		Unchanged: 
 Data sizes:     COMRAM   BANK0   BANK1   BANK2   BANK3   BANK4   BANK5
      Params:         4       0       0       0       0       0       0
      Locals:         2       0       0       0       0       0       0
      Temps:          0       0       0       0       0       0       0
      Totals:         6       0       0       0       0       0       0
Total ram usage:        6 bytes
 Hardware stack levels used:    1
 Hardware stack levels required when called:    1
 This function calls:
		Nothing
 This function is called by:
		_nouveauxAliens
 This function uses a non-reentrant model


 *************** function _rand *****************
 Defined at:
		line 12 in file "C:\Program Files (x86)\Microchip\xc8\v2.10\pic\sources\c90\common\rand.c"
 Parameters:    Size  Location     Type
		None
 Auto vars:     Size  Location     Type
		None
 Return value:  Size  Location     Type
                  2   12[COMRAM] int 
 Registers used:
		wreg, status,2, status,0, cstack
 Tracked objects:
		On entry : 
		On exit  : 
		Unchanged: 
 Data sizes:     COMRAM   BANK0   BANK1   BANK2   BANK3   BANK4   BANK5
      Params:         2       0       0       0       0       0       0
      Locals:         0       0       0       0       0       0       0
      Temps:          0       0       0       0       0       0       0
      Totals:         2       0       0       0       0       0       0
Total ram usage:        2 bytes
 Hardware stack levels used:    1
 Hardware stack levels required when called:    2
 This function calls:
		___lmul
 This function is called by:
		_nouveauxAliens
 This function uses a non-reentrant model


 *************** function ___lmul *****************
 Defined at:
		line 15 in file "C:\Program Files (x86)\Microchip\xc8\v2.10\pic\sources\c90\common\Umul32.c"
 Parameters:    Size  Location     Type
  multiplier      4    0[COMRAM] unsigned long 
  multiplicand    4    4[COMRAM] unsigned long 
 Auto vars:     Size  Location     Type
  product         4    8[COMRAM] unsigned long 
 Return value:  Size  Location     Type
                  4    0[COMRAM] unsigned long 
 Registers used:
		wreg, status,2, status,0
 Tracked objects:
		On entry : 
		On exit  : 
		Unchanged: 
 Data sizes:     COMRAM   BANK0   BANK1   BANK2   BANK3   BANK4   BANK5
      Params:         8       0       0       0       0       0       0
      Locals:         4       0       0       0       0       0       0
      Temps:          0       0       0       0       0       0       0
      Totals:        12       0       0       0       0       0       0
Total ram usage:       12 bytes
 Hardware stack levels used:    1
 Hardware stack levels required when called:    1
 This function calls:
		Nothing
 This function is called by:
		_rand
 This function uses a non-reentrant model


 *************** function ___wmul *****************
 Defined at:
		line 15 in file "C:\Program Files (x86)\Microchip\xc8\v2.10\pic\sources\c90\common\Umul16.c"
 Parameters:    Size  Location     Type
  multiplier      2    0[COMRAM] unsigned int 
  multiplicand    2    2[COMRAM] unsigned int 
 Auto vars:     Size  Location     Type
  product         2    4[COMRAM] unsigned int 
 Return value:  Size  Location     Type
                  2    0[COMRAM] unsigned int 
 Registers used:
		wreg, status,2, status,0, prodl, prodh
 Tracked objects:
		On entry : 
		On exit  : 
		Unchanged: 
 Data sizes:     COMRAM   BANK0   BANK1   BANK2   BANK3   BANK4   BANK5
      Params:         4       0       0       0       0       0       0
      Locals:         2       0       0       0       0       0       0
      Temps:          0       0       0       0       0       0       0
      Totals:         6       0       0       0       0       0       0
Total ram usage:        6 bytes
 Hardware stack levels used:    1
 Hardware stack levels required when called:    1
 This function calls:
		Nothing
 This function is called by:
		_nouveauxAliens
 This function uses a non-reentrant model


 *************** function ___awmod *****************
 Defined at:
		line 7 in file "C:\Program Files (x86)\Microchip\xc8\v2.10\pic\sources\c90\common\awmod.c"
 Parameters:    Size  Location     Type
  dividend        2   14[COMRAM] int 
  divisor         2   16[COMRAM] int 
 Auto vars:     Size  Location     Type
  sign            1   19[COMRAM] unsigned char 
  counter         1   18[COMRAM] unsigned char 
 Return value:  Size  Location     Type
                  2   14[COMRAM] int 
 Registers used:
		wreg, status,2, status,0
 Tracked objects:
		On entry : 
		On exit  : 
		Unchanged: 
 Data sizes:     COMRAM   BANK0   BANK1   BANK2   BANK3   BANK4   BANK5
      Params:         4       0       0       0       0       0       0
      Locals:         2       0       0       0       0       0       0
      Temps:          0       0       0       0       0       0       0
      Totals:         6       0       0       0       0       0       0
Total ram usage:        6 bytes
 Hardware stack levels used:    1
 Hardware stack levels required when called:    1
 This function calls:
		Nothing
 This function is called by:
		_nouveauxAliens
 This function uses a non-reentrant model


 *************** function _lcd_init *****************
 Defined at:
		line 258 in file "Lcd4Lignes.c"
 Parameters:    Size  Location     Type
		None
 Auto vars:     Size  Location     Type
		None
 Return value:  Size  Location     Type
                  1    wreg      void 
 Registers used:
		wreg, fsr2l, fsr2h, status,2, status,0, prodl, prodh, cstack
 Tracked objects:
		On entry : 
		On exit  : 
		Unchanged: 
 Data sizes:     COMRAM   BANK0   BANK1   BANK2   BANK3   BANK4   BANK5
      Params:         0       0       0       0       0       0       0
      Locals:         0       0       0       0       0       0       0
      Temps:          0       0       0       0       0       0       0
      Totals:         0       0       0       0       0       0       0
Total ram usage:        0 bytes
 Hardware stack levels used:    1
 Hardware stack levels required when called:    6
 This function calls:
		_lcd_initCGRam
		_lcd_resetSequence
		_lcd_wrCom
 This function is called by:
		_main
 This function uses a non-reentrant model


 *************** function _lcd_resetSequence *****************
 Defined at:
		line 221 in file "Lcd4Lignes.c"
 Parameters:    Size  Location     Type
		None
 Auto vars:     Size  Location     Type
		None
 Return value:  Size  Location     Type
                  1    wreg      void 
 Registers used:
		wreg, status,2, status,0, cstack
 Tracked objects:
		On entry : 
		On exit  : 
		Unchanged: 
 Data sizes:     COMRAM   BANK0   BANK1   BANK2   BANK3   BANK4   BANK5
      Params:         0       0       0       0       0       0       0
      Locals:         0       0       0       0       0       0       0
      Temps:          1       0       0       0       0       0       0
      Totals:         1       0       0       0       0       0       0
Total ram usage:        1 bytes
 Hardware stack levels used:    1
 Hardware stack levels required when called:    2
 This function calls:
		_lcd_ecrireDonnees
		_lcd_strobeEnableBit
 This function is called by:
		_lcd_init
 This function uses a non-reentrant model


 *************** function _lcd_initCGRam *****************
 Defined at:
		line 417 in file "Lcd4Lignes.c"
 Parameters:    Size  Location     Type
		None
 Auto vars:     Size  Location     Type
  j               1    6[COMRAM] unsigned char 
  i               1    5[COMRAM] unsigned char 
 Return value:  Size  Location     Type
                  1    wreg      void 
 Registers used:
		wreg, fsr2l, fsr2h, status,2, status,0, prodl, prodh, cstack
 Tracked objects:
		On entry : 
		On exit  : 
		Unchanged: 
 Data sizes:     COMRAM   BANK0   BANK1   BANK2   BANK3   BANK4   BANK5
      Params:         0       0       0       0       0       0       0
      Locals:         2       0       0       0       0       0       0
      Temps:          2       0       0       0       0       0       0
      Totals:         4       0       0       0       0       0       0
Total ram usage:        4 bytes
 Hardware stack levels used:    1
 Hardware stack levels required when called:    5
 This function calls:
		_lcd_curseurHome
		_lcd_wrCom
		_lcd_wrData
 This function is called by:
		_lcd_init
 This function uses a non-reentrant model


 *************** function _lcd_curseurHome *****************
 Defined at:
		line 288 in file "Lcd4Lignes.c"
 Parameters:    Size  Location     Type
		None
 Auto vars:     Size  Location     Type
		None
 Return value:  Size  Location     Type
                  1    wreg      void 
 Registers used:
		wreg, status,2, status,0, cstack
 Tracked objects:
		On entry : 
		On exit  : 
		Unchanged: 
 Data sizes:     COMRAM   BANK0   BANK1   BANK2   BANK3   BANK4   BANK5
      Params:         0       0       0       0       0       0       0
      Locals:         0       0       0       0       0       0       0
      Temps:          0       0       0       0       0       0       0
      Totals:         0       0       0       0       0       0       0
Total ram usage:        0 bytes
 Hardware stack levels used:    1
 Hardware stack levels required when called:    4
 This function calls:
		_lcd_wrCom
 This function is called by:
		_lcd_initCGRam
 This function uses a non-reentrant model


 *************** function _initialisation *****************
 Defined at:
		line 269 in file "main.c"
 Parameters:    Size  Location     Type
		None
 Auto vars:     Size  Location     Type
		None
 Return value:  Size  Location     Type
                  1    wreg      void 
 Registers used:
		wreg, status,2, cstack
 Tracked objects:
		On entry : 
		On exit  : 
		Unchanged: 
 Data sizes:     COMRAM   BANK0   BANK1   BANK2   BANK3   BANK4   BANK5
      Params:         0       0       0       0       0       0       0
      Locals:         0       0       0       0       0       0       0
      Temps:          0       0       0       0       0       0       0
      Totals:         0       0       0       0       0       0       0
Total ram usage:        0 bytes
 Hardware stack levels used:    1
 Hardware stack levels required when called:    2
 This function calls:
		_srand
 This function is called by:
		_main
 This function uses a non-reentrant model


 *************** function _srand *****************
 Defined at:
		line 6 in file "C:\Program Files (x86)\Microchip\xc8\v2.10\pic\sources\c90\common\rand.c"
 Parameters:    Size  Location     Type
  x               2    0[COMRAM] unsigned int 
 Auto vars:     Size  Location     Type
		None
 Return value:  Size  Location     Type
                  1    wreg      void 
 Registers used:
		status,2
 Tracked objects:
		On entry : 
		On exit  : 
		Unchanged: 
 Data sizes:     COMRAM   BANK0   BANK1   BANK2   BANK3   BANK4   BANK5
      Params:         2       0       0       0       0       0       0
      Locals:         0       0       0       0       0       0       0
      Temps:          0       0       0       0       0       0       0
      Totals:         2       0       0       0       0       0       0
Total ram usage:        2 bytes
 Hardware stack levels used:    1
 Hardware stack levels required when called:    1
 This function calls:
		Nothing
 This function is called by:
		_initialisation
 This function uses a non-reentrant model


 *************** function _init_serie *****************
 Defined at:
		line 29 in file "serie.c"
 Parameters:    Size  Location     Type
		None
 Auto vars:     Size  Location     Type
		None
 Return value:  Size  Location     Type
                  1    wreg      void 
 Registers used:
		wreg, status,2
 Tracked objects:
		On entry : 
		On exit  : 
		Unchanged: 
 Data sizes:     COMRAM   BANK0   BANK1   BANK2   BANK3   BANK4   BANK5
      Params:         0       0       0       0       0       0       0
      Locals:         0       0       0       0       0       0       0
      Temps:          0       0       0       0       0       0       0
      Totals:         0       0       0       0       0       0       0
Total ram usage:        0 bytes
 Hardware stack levels used:    1
 Hardware stack levels required when called:    1
 This function calls:
		Nothing
 This function is called by:
		_main
 This function uses a non-reentrant model


 *************** function _afficheAliens *****************
 Defined at:
		line 191 in file "main.c"
 Parameters:    Size  Location     Type
		None
 Auto vars:     Size  Location     Type
  i               1    8[COMRAM] unsigned char 
 Return value:  Size  Location     Type
                  1    wreg      void 
 Registers used:
		wreg, fsr2l, fsr2h, status,2, status,0, prodl, prodh, cstack
 Tracked objects:
		On entry : 
		On exit  : 
		Unchanged: 
 Data sizes:     COMRAM   BANK0   BANK1   BANK2   BANK3   BANK4   BANK5
      Params:         0       0       0       0       0       0       0
      Locals:         1       0       0       0       0       0       0
      Temps:          0       0       0       0       0       0       0
      Totals:         1       0       0       0       0       0       0
Total ram usage:        1 bytes
 Hardware stack levels used:    1
 Hardware stack levels required when called:    6
 This function calls:
		_lcd_gotoXY
		_lcd_putMessage
 This function is called by:
		_main
 This function uses a non-reentrant model


 *************** function _lcd_putMessage *****************
 Defined at:
		line 387 in file "Lcd4Lignes.c"
 Parameters:    Size  Location     Type
  chaine          2    5[COMRAM] PTR const unsigned char 
		 -> m_aliens(84), 
 Auto vars:     Size  Location     Type
  j               1    7[COMRAM] unsigned char 
 Return value:  Size  Location     Type
                  1    wreg      void 
 Registers used:
		wreg, fsr2l, fsr2h, status,2, status,0, cstack
 Tracked objects:
		On entry : 
		On exit  : 
		Unchanged: 
 Data sizes:     COMRAM   BANK0   BANK1   BANK2   BANK3   BANK4   BANK5
      Params:         2       0       0       0       0       0       0
      Locals:         1       0       0       0       0       0       0
      Temps:          0       0       0       0       0       0       0
      Totals:         3       0       0       0       0       0       0
Total ram usage:        3 bytes
 Hardware stack levels used:    1
 Hardware stack levels required when called:    5
 This function calls:
		_lcd_ecritChar
 This function is called by:
		_afficheAliens
 This function uses a non-reentrant model


 *************** function _lcd_ecritChar *****************
 Defined at:
		line 359 in file "Lcd4Lignes.c"
 Parameters:    Size  Location     Type
  car             1    wreg     unsigned char 
 Auto vars:     Size  Location     Type
  car             1    3[COMRAM] unsigned char 
  posRam          1    4[COMRAM] unsigned char 
 Return value:  Size  Location     Type
                  1    wreg      void 
 Registers used:
		wreg, status,2, status,0, cstack
 Tracked objects:
		On entry : 
		On exit  : 
		Unchanged: 
 Data sizes:     COMRAM   BANK0   BANK1   BANK2   BANK3   BANK4   BANK5
      Params:         0       0       0       0       0       0       0
      Locals:         2       0       0       0       0       0       0
      Temps:          0       0       0       0       0       0       0
      Totals:         2       0       0       0       0       0       0
Total ram usage:        2 bytes
 Hardware stack levels used:    1
 Hardware stack levels required when called:    4
 This function calls:
		_lcd_wrCom
		_lcd_wrData
 This function is called by:
		_lcd_putMessage
 This function uses a non-reentrant model


 *************** function _lcd_wrData *****************
 Defined at:
		line 188 in file "Lcd4Lignes.c"
 Parameters:    Size  Location     Type
  caractere       1    wreg     unsigned char 
 Auto vars:     Size  Location     Type
  caractere       1    2[COMRAM] unsigned char 
 Return value:  Size  Location     Type
                  1    wreg      unsigned char 
 Registers used:
		wreg, status,2, status,0, cstack
 Tracked objects:
		On entry : 
		On exit  : 
		Unchanged: 
 Data sizes:     COMRAM   BANK0   BANK1   BANK2   BANK3   BANK4   BANK5
      Params:         0       0       0       0       0       0       0
      Locals:         1       0       0       0       0       0       0
      Temps:          0       0       0       0       0       0       0
      Totals:         1       0       0       0       0       0       0
Total ram usage:        1 bytes
 Hardware stack levels used:    1
 Hardware stack levels required when called:    3
 This function calls:
		_lcd_busy
		_lcd_ecrireDonnees
		_lcd_strobeEnableBit
 This function is called by:
		_lcd_ecritChar
		_lcd_initCGRam
		_lcd_effaceChar
 This function uses a non-reentrant model


 *************** function _lcd_gotoXY *****************
 Defined at:
		line 314 in file "Lcd4Lignes.c"
 Parameters:    Size  Location     Type
  x               1    wreg     unsigned char 
  y               1    3[COMRAM] unsigned char 
 Auto vars:     Size  Location     Type
  x               1    4[COMRAM] unsigned char 
 Return value:  Size  Location     Type
                  1    wreg      void 
 Registers used:
		wreg, status,2, status,0, cstack
 Tracked objects:
		On entry : 
		On exit  : 
		Unchanged: 
 Data sizes:     COMRAM   BANK0   BANK1   BANK2   BANK3   BANK4   BANK5
      Params:         1       0       0       0       0       0       0
      Locals:         1       0       0       0       0       0       0
      Temps:          0       0       0       0       0       0       0
      Totals:         2       0       0       0       0       0       0
Total ram usage:        2 bytes
 Hardware stack levels used:    1
 Hardware stack levels required when called:    4
 This function calls:
		_lcd_wrCom
 This function is called by:
		_afficheAliens
		_lcd_effaceLigne
 This function uses a non-reentrant model


 *************** function _lcd_wrCom *****************
 Defined at:
		line 156 in file "Lcd4Lignes.c"
 Parameters:    Size  Location     Type
  commande        1    wreg     unsigned char 
 Auto vars:     Size  Location     Type
  commande        1    2[COMRAM] unsigned char 
 Return value:  Size  Location     Type
                  1    wreg      unsigned char 
 Registers used:
		wreg, status,2, status,0, cstack
 Tracked objects:
		On entry : 
		On exit  : 
		Unchanged: 
 Data sizes:     COMRAM   BANK0   BANK1   BANK2   BANK3   BANK4   BANK5
      Params:         0       0       0       0       0       0       0
      Locals:         1       0       0       0       0       0       0
      Temps:          0       0       0       0       0       0       0
      Totals:         1       0       0       0       0       0       0
Total ram usage:        1 bytes
 Hardware stack levels used:    1
 Hardware stack levels required when called:    3
 This function calls:
		_lcd_busy
		_lcd_ecrireDonnees
		_lcd_strobeEnableBit
 This function is called by:
		_lcd_init
		_lcd_curseurHome
		_lcd_gotoXY
		_lcd_ecritChar
		_lcd_initCGRam
		_lcd_effaceAffichage
		_lcd_cacheCurseur
		_lcd_montreCurseur
 This function uses a non-reentrant model


 *************** function _lcd_strobeEnableBit *****************
 Defined at:
		line 431 in file "Lcd4Lignes.c"
 Parameters:    Size  Location     Type
		None
 Auto vars:     Size  Location     Type
		None
 Return value:  Size  Location     Type
                  1    wreg      void 
 Registers used:
		None
 Tracked objects:
		On entry : 
		On exit  : 
		Unchanged: 
 Data sizes:     COMRAM   BANK0   BANK1   BANK2   BANK3   BANK4   BANK5
      Params:         0       0       0       0       0       0       0
      Locals:         0       0       0       0       0       0       0
      Temps:          0       0       0       0       0       0       0
      Totals:         0       0       0       0       0       0       0
Total ram usage:        0 bytes
 Hardware stack levels used:    1
 Hardware stack levels required when called:    1
 This function calls:
		Nothing
 This function is called by:
		_lcd_wrCom
		_lcd_wrData
		_lcd_resetSequence
 This function uses a non-reentrant model


 *************** function _lcd_ecrireDonnees *****************
 Defined at:
		line 107 in file "Lcd4Lignes.c"
 Parameters:    Size  Location     Type
  donnee          1    wreg     unsigned char 
 Auto vars:     Size  Location     Type
  donnee          1    1[COMRAM] unsigned char 
 Return value:  Size  Location     Type
                  1    wreg      void 
 Registers used:
		wreg, status,2, status,0
 Tracked objects:
		On entry : 
		On exit  : 
		Unchanged: 
 Data sizes:     COMRAM   BANK0   BANK1   BANK2   BANK3   BANK4   BANK5
      Params:         0       0       0       0       0       0       0
      Locals:         1       0       0       0       0       0       0
      Temps:          1       0       0       0       0       0       0
      Totals:         2       0       0       0       0       0       0
Total ram usage:        2 bytes
 Hardware stack levels used:    1
 Hardware stack levels required when called:    1
 This function calls:
		Nothing
 This function is called by:
		_lcd_wrCom
		_lcd_wrData
		_lcd_resetSequence
 This function uses a non-reentrant model


 *************** function _lcd_busy *****************
 Defined at:
		line 124 in file "Lcd4Lignes.c"
 Parameters:    Size  Location     Type
		None
 Auto vars:     Size  Location     Type
  adresse         1    1[COMRAM] unsigned char 
 Return value:  Size  Location     Type
                  1    wreg      unsigned char 
 Registers used:
		wreg, status,2, status,0, cstack
 Tracked objects:
		On entry : 
		On exit  : 
		Unchanged: 
 Data sizes:     COMRAM   BANK0   BANK1   BANK2   BANK3   BANK4   BANK5
      Params:         0       0       0       0       0       0       0
      Locals:         1       0       0       0       0       0       0
      Temps:          1       0       0       0       0       0       0
      Totals:         2       0       0       0       0       0       0
Total ram usage:        2 bytes
 Hardware stack levels used:    1
 Hardware stack levels required when called:    2
 This function calls:
		_lcd_lireDonnees
 This function is called by:
		_lcd_wrCom
		_lcd_wrData
 This function uses a non-reentrant model


 *************** function _lcd_lireDonnees *****************
 Defined at:
		line 93 in file "Lcd4Lignes.c"
 Parameters:    Size  Location     Type
		None
 Auto vars:     Size  Location     Type
		None
 Return value:  Size  Location     Type
                  1    wreg      unsigned char 
 Registers used:
		wreg, status,2, status,0
 Tracked objects:
		On entry : 
		On exit  : 
		Unchanged: 
 Data sizes:     COMRAM   BANK0   BANK1   BANK2   BANK3   BANK4   BANK5
      Params:         0       0       0       0       0       0       0
      Locals:         0       0       0       0       0       0       0
      Temps:          0       0       0       0       0       0       0
      Totals:         0       0       0       0       0       0       0
Total ram usage:        0 bytes
 Hardware stack levels used:    1
 Hardware stack levels required when called:    1
 This function calls:
		Nothing
 This function is called by:
		_lcd_busy
 This function uses a non-reentrant model


 *************** function _high_isr *****************
 Defined at:
		line 315 in file "main.c"
 Parameters:    Size  Location     Type
		None
 Auto vars:     Size  Location     Type
		None
 Return value:  Size  Location     Type
                  1    wreg      void 
 Registers used:
		wreg, status,2
 Tracked objects:
		On entry : 
		On exit  : 
		Unchanged: 
 Data sizes:     COMRAM   BANK0   BANK1   BANK2   BANK3   BANK4   BANK5
      Params:         0       0       0       0       0       0       0
      Locals:         0       0       0       0       0       0       0
      Temps:          0       0       0       0       0       0       0
      Totals:         0       0       0       0       0       0       0
Total ram usage:        0 bytes
 Hardware stack levels used:    1
 This function calls:
		Nothing
 This function is called by:
		Interrupt level 2
 This function uses a non-reentrant model



MODULE INFORMATION

Module		Function		Class		Link	Load	Size
C:\Program Files (x86)\Microchip\xc8\v2.10\pic\sources\c90\common\Umul16.c
		___wmul        		CODE           	085A	0000	39

C:\Program Files (x86)\Microchip\xc8\v2.10\pic\sources\c90\common\Umul16.c estimated size: 39

C:\Program Files (x86)\Microchip\xc8\v2.10\pic\sources\c90\common\Umul32.c
		___lmul        		CODE           	03A0	0000	107

C:\Program Files (x86)\Microchip\xc8\v2.10\pic\sources\c90\common\Umul32.c estimated size: 107

Lcd4Lignes.c
		_lcd_ecrireDonnees		CODE           	089E	0000	21
		_lcd_busy      		CODE           	0796	0000	57
		_lcd_curseurHome		CODE           	08C0	0000	9
		_lcd_initCGRam 		CODE           	0536	0000	95
		_lcd_wrData    		CODE           	0804	0000	47
		_lcd_putMessage		CODE           	075C	0000	59
		_lcd_resetSequence		CODE           	0470	0000	101
		_lcd_lireDonnees		CODE           	08D0	0000	7
		_lcd_gotoXY    		CODE           	040A	0000	103
		_lcd_wrCom     		CODE           	04D4	0000	99
		_lcd_ecritChar 		CODE           	0694	0000	77
		_lcd_init      		CODE           	0832	0000	41
		_lcd_strobeEnableBit		CODE           	08C8	0000	9

Lcd4Lignes.c estimated size: 725

shared
		__initialization		CODE           	0594	0000	77

shared estimated size: 77

serie.c
		_init_serie    		CODE           	0880	0000	31

serie.c estimated size: 31

C:\Program Files (x86)\Microchip\xc8\v2.10\pic\sources\c90\common\strcpy.c
		_strcpy        		CODE           	0722	0000	59

C:\Program Files (x86)\Microchip\xc8\v2.10\pic\sources\c90\common\strcpy.c estimated size: 59

C:\Program Files (x86)\Microchip\xc8\v2.10\pic\sources\c90\common\awmod.c
		___awmod       		CODE           	025C	0000	177

C:\Program Files (x86)\Microchip\xc8\v2.10\pic\sources\c90\common\awmod.c estimated size: 177

main.c
		_initialisation		CODE           	05EE	0000	85
		_afficheAliens 		CODE           	07CE	0000	55
		_main          		CODE           	06E0	0000	67
		_nouveauxAliens		CODE           	002E	0000	559
		_high_isr      		CODE           	0008	0000	35

main.c estimated size: 801

C:\Program Files (x86)\Microchip\xc8\v2.10\pic\sources\c90\common\rand.c
		_srand         		CODE           	08B2	0000	15
		_rand          		CODE           	0642	0000	83

C:\Program Files (x86)\Microchip\xc8\v2.10\pic\sources\c90\common\rand.c estimated size: 98

